<testsuites name="jest tests" tests="2" failures="1" time="3.574">
  <testsuite name="In Viewport" errors="0" failures="1" skipped="0" timestamp="2019-01-01T06:20:43" time="2.179" tests="2">
    <testcase classname="In Viewport basic render" name="In Viewport basic render" time="0.047">
    </testcase>
    <testcase classname="In Viewport scroll render" name="In Viewport scroll render" time="0.019">
      <failure>Error: expect(received).toEqual(expected)

Expected value to equal:
  &quot;in viewport&quot;
Received:
  &quot;not in viewport&quot;
    at Object.toEqual (/Users/roderickhsiao/git/react-in-viewport/src/__tests__/index.js:36:42)
    at Object.asyncJestTest (/Users/roderickhsiao/git/react-in-viewport/node_modules/jest-jasmine2/build/jasmine_async.js:108:37)
    at resolve (/Users/roderickhsiao/git/react-in-viewport/node_modules/jest-jasmine2/build/queue_runner.js:56:12)
    at new Promise (&lt;anonymous&gt;)
    at mapper (/Users/roderickhsiao/git/react-in-viewport/node_modules/jest-jasmine2/build/queue_runner.js:43:19)
    at promise.then (/Users/roderickhsiao/git/react-in-viewport/node_modules/jest-jasmine2/build/queue_runner.js:87:41)
    at process._tickCallback (internal/process/next_tick.js:68:7)</failure>
    </testcase>
  </testsuite>
</testsuites>